<?xml version="1.0" encoding="UTF-8"?>
<testsuites>
    <testsuite name="correct-quantity-of-an-item-is-added-to-the-mini-cart;add-fruits-to-the-shopping-cart-and-check-cart" tests="6" failures="0" skipped="0">
        <properties>
            <property name="URI" value="C:/Users/nazmu/Desktop/Project-3-main/features/add-items-to-cart.feature">
            </property>
        </properties>
        <testcase name="Given that we are on Willy&apos;s website" classname="correct-quantity-of-an-item-is-added-to-the-mini-cart;add-fruits-to-the-shopping-cart-and-check-cart" time="6.7183763">
        </testcase>
        <testcase name="And that we accepted the standard cookie policy" classname="correct-quantity-of-an-item-is-added-to-the-mini-cart;add-fruits-to-the-shopping-cart-and-check-cart" time="2.610974">
        </testcase>
        <testcase name="And that we have have been through the initial where to deliver popup" classname="correct-quantity-of-an-item-is-added-to-the-mini-cart;add-fruits-to-the-shopping-cart-and-check-cart" time="3.863010199">
        </testcase>
        <testcase name="Given that I am on the page - Fruit category" classname="correct-quantity-of-an-item-is-added-to-the-mini-cart;add-fruits-to-the-shopping-cart-and-check-cart" time="3.791068501">
        </testcase>
        <testcase name="When I put a random number of each fruit" classname="correct-quantity-of-an-item-is-added-to-the-mini-cart;add-fruits-to-the-shopping-cart-and-check-cart" time="23.7871737">
        </testcase>
        <testcase name="Then the cart should show the correct quantity of items" classname="correct-quantity-of-an-item-is-added-to-the-mini-cart;add-fruits-to-the-shopping-cart-and-check-cart" time="4.5084032">
        </testcase>
    </testsuite>
    <testsuite name="6.-change-quantity-in-the-cart;increase-quantity-of-item-in-the-shopping-cart-and-check-sum" tests="8" failures="0" skipped="0">
        <properties>
            <property name="URI" value="C:/Users/nazmu/Desktop/Project-3-main/features/cart-change-quantity.feature">
            </property>
        </properties>
        <testcase name="Given that we are on Willy&apos;s website" classname="6.-change-quantity-in-the-cart;increase-quantity-of-item-in-the-shopping-cart-and-check-sum" time="4.5246538">
        </testcase>
        <testcase name="And that we accepted the standard cookie policy" classname="6.-change-quantity-in-the-cart;increase-quantity-of-item-in-the-shopping-cart-and-check-sum" time="3.046883799">
        </testcase>
        <testcase name="And that we have have been through the initial where to deliver popup" classname="6.-change-quantity-in-the-cart;increase-quantity-of-item-in-the-shopping-cart-and-check-sum" time="3.865862901">
        </testcase>
        <testcase name="Given that I have an item in the shopping cart" classname="6.-change-quantity-in-the-cart;increase-quantity-of-item-in-the-shopping-cart-and-check-sum" time="0.000230499">
        </testcase>
        <testcase name="And that I have opened cart" classname="6.-change-quantity-in-the-cart;increase-quantity-of-item-in-the-shopping-cart-and-check-sum" time="0.0001673">
        </testcase>
        <testcase name="When I click on increase quantity button of the item in the cart" classname="6.-change-quantity-in-the-cart;increase-quantity-of-item-in-the-shopping-cart-and-check-sum" time="0.000431101">
        </testcase>
        <testcase name="Then the cart should show the correct total quantity of products" classname="6.-change-quantity-in-the-cart;increase-quantity-of-item-in-the-shopping-cart-and-check-sum" time="0.0004039">
        </testcase>
        <testcase name="And the cart should show correct total price" classname="6.-change-quantity-in-the-cart;increase-quantity-of-item-in-the-shopping-cart-and-check-sum" time="0.0001837">
        </testcase>
    </testsuite>
    <testsuite name="7.-remove-item-from-the-cart;decrease-item-quantity-to-0-in-the-shopping-cart" tests="6" failures="0" skipped="0">
        <properties>
            <property name="URI" value="C:/Users/nazmu/Desktop/Project-3-main/features/cart-remove-item.feature">
            </property>
        </properties>
        <testcase name="Given that we are on Willy&apos;s website" classname="7.-remove-item-from-the-cart;decrease-item-quantity-to-0-in-the-shopping-cart" time="4.578930801">
        </testcase>
        <testcase name="And that we accepted the standard cookie policy" classname="7.-remove-item-from-the-cart;decrease-item-quantity-to-0-in-the-shopping-cart" time="4.0844843">
        </testcase>
        <testcase name="And that we have have been through the initial where to deliver popup" classname="7.-remove-item-from-the-cart;decrease-item-quantity-to-0-in-the-shopping-cart" time="4.048597299">
        </testcase>
        <testcase name="Given that I have an any item in the shopping cart" classname="7.-remove-item-from-the-cart;decrease-item-quantity-to-0-in-the-shopping-cart" time="0.000239799">
        </testcase>
        <testcase name="When I click decrease quantity button in the cart until quantity not 0" classname="7.-remove-item-from-the-cart;decrease-item-quantity-to-0-in-the-shopping-cart" time="0.0002054">
        </testcase>
        <testcase name="Then the cart should not contain item" classname="7.-remove-item-from-the-cart;decrease-item-quantity-to-0-in-the-shopping-cart" time="0.0002012">
        </testcase>
    </testsuite>
    <testsuite name="4.-check-items-in-shopping-cart;open-shopping-cart-and-check-items" tests="7" failures="0" skipped="0">
        <properties>
            <property name="URI" value="C:/Users/nazmu/Desktop/Project-3-main/features/check-items-in-cart.feature">
            </property>
        </properties>
        <testcase name="Given that we are on Willy&apos;s website" classname="4.-check-items-in-shopping-cart;open-shopping-cart-and-check-items" time="4.905326601">
        </testcase>
        <testcase name="And that we accepted the standard cookie policy" classname="4.-check-items-in-shopping-cart;open-shopping-cart-and-check-items" time="3.169912899">
        </testcase>
        <testcase name="And that we have have been through the initial where to deliver popup" classname="4.-check-items-in-shopping-cart;open-shopping-cart-and-check-items" time="3.970838">
        </testcase>
        <testcase name="Given that I have items in the shopping cart" classname="4.-check-items-in-shopping-cart;open-shopping-cart-and-check-items" time="24.888483801">
        </testcase>
        <testcase name="When I click on the shoping cart button" classname="4.-check-items-in-shopping-cart;open-shopping-cart-and-check-items" time="0.3141392">
        </testcase>
        <testcase name="Then the cart should appear" classname="4.-check-items-in-shopping-cart;open-shopping-cart-and-check-items" time="1.1057568">
        </testcase>
        <testcase name="And the cart shows items with correct quantity" classname="4.-check-items-in-shopping-cart;open-shopping-cart-and-check-items" time="1.1423033">
        </testcase>
    </testsuite>
    <testsuite name="2.-open-item-information-details;click-on-item-and-check-information-details" tests="7" failures="0" skipped="0">
        <properties>
            <property name="URI" value="C:/Users/nazmu/Desktop/Project-3-main/features/get-item-information.feature">
            </property>
        </properties>
        <testcase name="Given that we are on Willy&apos;s website" classname="2.-open-item-information-details;click-on-item-and-check-information-details" time="3.8184694">
        </testcase>
        <testcase name="And that we accepted the standard cookie policy" classname="2.-open-item-information-details;click-on-item-and-check-information-details" time="4.153961001">
        </testcase>
        <testcase name="And that we have have been through the initial where to deliver popup" classname="2.-open-item-information-details;click-on-item-and-check-information-details" time="3.7787506">
        </testcase>
        <testcase name="Given that I am on the Fruit page" classname="2.-open-item-information-details;click-on-item-and-check-information-details" time="4.758978899">
        </testcase>
        <testcase name="When I click a random fruit" classname="2.-open-item-information-details;click-on-item-and-check-information-details" time="1.113401499">
        </testcase>
        <testcase name="Then the modal window should appear" classname="2.-open-item-information-details;click-on-item-and-check-information-details" time="0.4307392">
        </testcase>
        <testcase name="And the modal window should show correct information details" classname="2.-open-item-information-details;click-on-item-and-check-information-details" time="0.1295791">
        </testcase>
    </testsuite>
    <testsuite name="1.-open-category;navigate-to-the-vegetarian-category" tests="7" failures="0" skipped="0">
        <properties>
            <property name="URI" value="C:/Users/nazmu/Desktop/Project-3-main/features/go-to-category.feature">
            </property>
        </properties>
        <testcase name="Given that we are on Willy&apos;s website" classname="1.-open-category;navigate-to-the-vegetarian-category" time="4.2219991">
        </testcase>
        <testcase name="And that we accepted the standard cookie policy" classname="1.-open-category;navigate-to-the-vegetarian-category" time="2.846435999">
        </testcase>
        <testcase name="And that we have have been through the initial where to deliver popup" classname="1.-open-category;navigate-to-the-vegetarian-category" time="3.9335011">
        </testcase>
        <testcase name="Given that I am on the Home page" classname="1.-open-category;navigate-to-the-vegetarian-category" time="0.0001668">
        </testcase>
        <testcase name="When I click on menu button" classname="1.-open-category;navigate-to-the-vegetarian-category" time="0.1567112">
        </testcase>
        <testcase name="And I click on Vegetarian category button" classname="1.-open-category;navigate-to-the-vegetarian-category" time="3.5946199">
        </testcase>
        <testcase name="Then I am on the Vegetarian category page" classname="1.-open-category;navigate-to-the-vegetarian-category" time="0.48715">
        </testcase>
    </testsuite>
    <testsuite name="5.-correct-quantity-and-total-price-should-be-shown-in-the-mini-cart;add-fruits-to-the-shopping-cart-and-check-sum" tests="7" failures="0" skipped="0">
        <properties>
            <property name="URI" value="C:/Users/nazmu/Desktop/Project-3-main/features/mini-cart-sums.feature">
            </property>
        </properties>
        <testcase name="Given that we are on Willy&apos;s website" classname="5.-correct-quantity-and-total-price-should-be-shown-in-the-mini-cart;add-fruits-to-the-shopping-cart-and-check-sum" time="3.8191933">
        </testcase>
        <testcase name="And that we accepted the standard cookie policy" classname="5.-correct-quantity-and-total-price-should-be-shown-in-the-mini-cart;add-fruits-to-the-shopping-cart-and-check-sum" time="1.8441862">
        </testcase>
        <testcase name="And that we have have been through the initial where to deliver popup" classname="5.-correct-quantity-and-total-price-should-be-shown-in-the-mini-cart;add-fruits-to-the-shopping-cart-and-check-sum" time="3.831986">
        </testcase>
        <testcase name="Given that I am on the Fruit category page" classname="5.-correct-quantity-and-total-price-should-be-shown-in-the-mini-cart;add-fruits-to-the-shopping-cart-and-check-sum" time="7.2286797">
        </testcase>
        <testcase name="When I put a random number of each fruit that has price per piece in the cart" classname="5.-correct-quantity-and-total-price-should-be-shown-in-the-mini-cart;add-fruits-to-the-shopping-cart-and-check-sum" time="25.061577699">
        </testcase>
        <testcase name="Then the mini-cart should show the correct total quantity of products" classname="5.-correct-quantity-and-total-price-should-be-shown-in-the-mini-cart;add-fruits-to-the-shopping-cart-and-check-sum" time="0.083336801">
        </testcase>
        <testcase name="And the mini-cart should show correct total price" classname="5.-correct-quantity-and-total-price-should-be-shown-in-the-mini-cart;add-fruits-to-the-shopping-cart-and-check-sum" time="0.082586201">
        </testcase>
    </testsuite>
</testsuites>